// Jest Snapshot v1, https://goo.gl/fbAQLP

exports[`Footer renders successfully 1`] = `
<div
  className="footer"
>
  <Container
    tag="div"
  >
    <Row
      tag="div"
    >
      <Col
        sm="6"
        tag="div"
        widths={
          Array [
            "xs",
            "sm",
            "md",
            "lg",
            "xl",
          ]
        }
      >
        <span>
          Â© Dakota Lillie 2018
        </span>
      </Col>
      <Col
        className="second-col"
        sm="6"
        tag="div"
        widths={
          Array [
            "xs",
            "sm",
            "md",
            "lg",
            "xl",
          ]
        }
      >
        <a
          href="https://github.com/dakotalillie"
        >
          <img
            alt="Github"
            className="social-icon"
            src="github.png"
          />
        </a>
        <a
          href="https://medium.com/@dakota.lillie"
        >
          <img
            alt="Medium"
            className="social-icon"
            src="medium.png"
          />
        </a>
        <a
          href="https://www.linkedin.com/in/dakotalillie/"
        >
          <img
            alt="Linked In"
            className="social-icon"
            id="linkedin"
            src="linkedin.png"
          />
        </a>
      </Col>
    </Row>
  </Container>
</div>
`;
