// Jest Snapshot v1, https://goo.gl/fbAQLP

exports[`Skills renders successfully 1`] = `
<div
  className="resume_preview section"
>
  <Container
    tag="div"
  >
    <Row
      tag="div"
    >
      <Col
        className="buttons_col"
        sm="2"
        tag="div"
        widths={
          Array [
            "xs",
            "sm",
            "md",
            "lg",
            "xl",
          ]
        }
      >
        <ButtonGroup
          role="group"
          tag="div"
          vertical={true}
        >
          <Button
            active={true}
            block={true}
            color="primary"
            id="languages_tab"
            key="Languages"
            onClick={[Function]}
            outline={true}
            tag="button"
          >
            Languages
          </Button>
          <Button
            active={false}
            block={true}
            color="primary"
            id="frameworks_tab"
            key="Frameworks"
            onClick={[Function]}
            outline={true}
            tag="button"
          >
            Frameworks
          </Button>
          <Button
            active={false}
            block={true}
            color="primary"
            id="other_tab"
            key="Other"
            onClick={[Function]}
            outline={true}
            tag="button"
          >
            Other
          </Button>
        </ButtonGroup>
      </Col>
      <Col
        className="icons_col"
        sm="6"
        tag="div"
        widths={
          Array [
            "xs",
            "sm",
            "md",
            "lg",
            "xl",
          ]
        }
      >
        <Row
          tag="div"
        >
          <ItemIcon
            key="JavaScript"
            name="JavaScript"
            src="javascript.png"
            subtitle={true}
            xs="3"
          />
          <ItemIcon
            key="Python"
            name="Python"
            src="python.png"
            subtitle={true}
            xs="3"
          />
          <ItemIcon
            key="Java"
            name="Java"
            src="java.png"
            subtitle={true}
            xs="3"
          />
          <ItemIcon
            key="Ruby"
            name="Ruby"
            src="ruby.png"
            subtitle={true}
            xs="3"
          />
        </Row>
      </Col>
      <Col
        className="copy_col"
        sm="4"
        tag="div"
        widths={
          Array [
            "xs",
            "sm",
            "md",
            "lg",
            "xl",
          ]
        }
      >
        <h2>
          Proficiencies & Skills
        </h2>
      </Col>
    </Row>
  </Container>
</div>
`;
